../Core/Src/main.c:116:13:log_msg	1
../Core/Src/main.c:121:29:get_latest_settings	7
../Core/Src/main.c:169:13:jump_to_app	3
../Core/Src/main.c:215:17:calculate_crc	2
../Core/Src/main.c:242:13:write_settings	10
../Core/Src/main.c:292:13:settings_write_retries	1
../Core/Src/main.c:312:13:settings_rollback	1
../Core/Src/main.c:331:13:flash_is_dual_bank	1
../Core/Src/main.c:340:13:app_image_valid	1
../Core/Src/main.c:352:5:main	24
../Core/Src/main.c:502:6:SystemClock_Config	3
../Core/Src/main.c:544:13:MX_CRC_Init	2
../Core/Src/main.c:575:13:MX_USART3_UART_Init	2
../Core/Src/main.c:610:13:MX_GPIO_Init	1
../Core/Src/main.c:628:6:MPU_Config	1
../Core/Src/main.c:659:6:Error_Handler	1
