../Core/Src/main.c:102:13:log_msg	16	static
../Core/Src/main.c:107:29:get_latest_settings	160	static
../Core/Src/main.c:155:13:jump_to_app	224	static,ignoring_inline_asm
../Core/Src/main.c:201:17:calculate_crc	40	static
../Core/Src/main.c:228:13:write_settings	80	static
../Core/Src/main.c:278:13:settings_write_retries	2752	static
../Core/Src/main.c:288:13:settings_rollback	2752	static
../Core/Src/main.c:307:13:flash_is_dual_bank	4	static
../Core/Src/main.c:316:13:app_image_valid	24	static
../Core/Src/main.c:328:5:main	152	static
../Core/Src/main.c:462:6:SystemClock_Config	88	static
../Core/Src/main.c:504:13:MX_CRC_Init	8	static
../Core/Src/main.c:535:13:MX_USART3_UART_Init	8	static
../Core/Src/main.c:570:13:MX_GPIO_Init	16	static
../Core/Src/main.c:588:6:MPU_Config	24	static
../Core/Src/main.c:619:6:Error_Handler	4	static,ignoring_inline_asm
