../Core/Src/main.c:102:13:log_msg	1
../Core/Src/main.c:107:29:get_latest_settings	7
../Core/Src/main.c:155:13:jump_to_app	3
../Core/Src/main.c:201:17:calculate_crc	2
../Core/Src/main.c:228:13:write_settings	10
../Core/Src/main.c:278:13:settings_write_retries	1
../Core/Src/main.c:288:13:settings_rollback	1
../Core/Src/main.c:307:13:flash_is_dual_bank	1
../Core/Src/main.c:316:13:app_image_valid	1
../Core/Src/main.c:328:5:main	18
../Core/Src/main.c:462:6:SystemClock_Config	3
../Core/Src/main.c:504:13:MX_CRC_Init	2
../Core/Src/main.c:535:13:MX_USART3_UART_Init	2
../Core/Src/main.c:570:13:MX_GPIO_Init	1
../Core/Src/main.c:588:6:MPU_Config	1
../Core/Src/main.c:619:6:Error_Handler	1
