../Core/Src/main.c:116:13:log_msg	16	static
../Core/Src/main.c:121:29:get_latest_settings	160	static
../Core/Src/main.c:169:13:jump_to_app	224	static,ignoring_inline_asm
../Core/Src/main.c:215:17:calculate_crc	40	static
../Core/Src/main.c:242:13:write_settings	80	static
../Core/Src/main.c:292:13:settings_write_retries	2784	static
../Core/Src/main.c:312:13:settings_rollback	2784	static
../Core/Src/main.c:331:13:flash_is_dual_bank	4	static
../Core/Src/main.c:340:13:app_image_valid	24	static
../Core/Src/main.c:352:5:main	152	static
../Core/Src/main.c:502:6:SystemClock_Config	88	static
../Core/Src/main.c:544:13:MX_CRC_Init	8	static
../Core/Src/main.c:575:13:MX_USART3_UART_Init	8	static
../Core/Src/main.c:610:13:MX_GPIO_Init	16	static
../Core/Src/main.c:628:6:MPU_Config	24	static
../Core/Src/main.c:659:6:Error_Handler	4	static,ignoring_inline_asm
