../Core/Src/stm32f7xx_it.c:51:13:fault_puts	16	static
../Core/Src/stm32f7xx_it.c:58:13:fault_print_hex	32	static
../Core/Src/stm32f7xx_it.c:66:13:fault_print_dec	32	static
../Core/Src/stm32f7xx_it.c:76:13:fault_decode_bits	32	static
../Core/Src/stm32f7xx_it.c:109:13:fault_report	32	static,ignoring_inline_asm
../Core/Src/stm32f7xx_it.c:202:13:fault_handler_asm	0	static,ignoring_inline_asm
../Core/Src/stm32f7xx_it.c:219:13:fault_handler_c	24	static
../Core/Src/stm32f7xx_it.c:249:6:NMI_Handler	4	static
../Core/Src/stm32f7xx_it.c:264:6:HardFault_Handler	8	static,ignoring_inline_asm
../Core/Src/stm32f7xx_it.c:280:6:MemManage_Handler	4	static
../Core/Src/stm32f7xx_it.c:295:6:BusFault_Handler	4	static
../Core/Src/stm32f7xx_it.c:310:6:UsageFault_Handler	4	static
../Core/Src/stm32f7xx_it.c:325:6:SVC_Handler	4	static
../Core/Src/stm32f7xx_it.c:338:6:DebugMon_Handler	4	static
../Core/Src/stm32f7xx_it.c:351:6:PendSV_Handler	4	static
../Core/Src/stm32f7xx_it.c:364:6:SysTick_Handler	8	static
